[0.236s] DEBUG:colcon:Command line arguments: ['/usr/bin/colcon', 'build', '--event-handlers', 'console_direct+', '--symlink-install', '--continue-on-error']
[0.237s] DEBUG:colcon:Parsed command line arguments: Namespace(log_base=None, log_level=None, verb_name='build', build_base='build', install_base='install', merge_install=False, symlink_install=True, test_result_base=None, continue_on_error=True, executor='parallel', parallel_workers=8, event_handlers=['console_direct+'], ignore_user_meta=False, metas=['./colcon.meta'], base_paths=['.'], packages_ignore=[], packages_ignore_regex=None, paths=None, packages_up_to=None, packages_up_to_regex=None, packages_above=None, packages_above_and_dependencies=None, packages_above_depth=None, packages_select_by_dep=None, packages_skip_by_dep=None, packages_skip_up_to=None, packages_select_build_failed=False, packages_skip_build_finished=False, packages_select_test_failures=False, packages_skip_test_passed=False, packages_select=None, packages_skip=None, packages_select_regex=None, packages_skip_regex=None, packages_start=None, packages_end=None, cmake_args=None, cmake_target=None, cmake_target_skip_unavailable=False, cmake_clean_cache=False, cmake_clean_first=False, cmake_force_configure=False, ament_cmake_args=None, catkin_cmake_args=None, catkin_skip_building_tests=False, mixin_files=None, mixin=None, verb_parser=<colcon_mixin.mixin.mixin_argument.MixinArgumentDecorator object at 0x76aa952806b0>, verb_extension=<colcon_core.verb.build.BuildVerb object at 0x76aa952803b0>, main=<bound method BuildVerb.main of <colcon_core.verb.build.BuildVerb object at 0x76aa952803b0>>, mixin_verb=('build',))
[0.317s] Level 1:colcon.colcon_core.package_discovery:discover_packages(colcon_meta) check parameters
[0.317s] Level 1:colcon.colcon_core.package_discovery:discover_packages(recursive) check parameters
[0.317s] Level 1:colcon.colcon_core.package_discovery:discover_packages(ignore) check parameters
[0.317s] Level 1:colcon.colcon_core.package_discovery:discover_packages(path) check parameters
[0.317s] Level 1:colcon.colcon_core.package_discovery:discover_packages(colcon_meta) discover
[0.317s] Level 1:colcon.colcon_core.package_discovery:discover_packages(recursive) discover
[0.317s] INFO:colcon.colcon_core.package_discovery:Crawling recursively for packages in '/home/neo/workspace/src/joypad_actionclient'
[0.318s] Level 1:colcon.colcon_core.package_identification:_identify(.) by extensions ['ignore', 'ignore_ament_install']
[0.318s] Level 1:colcon.colcon_core.package_identification:_identify(.) by extension 'ignore'
[0.318s] Level 1:colcon.colcon_core.package_identification:_identify(.) by extension 'ignore_ament_install'
[0.318s] Level 1:colcon.colcon_core.package_identification:_identify(.) by extensions ['colcon_pkg']
[0.318s] Level 1:colcon.colcon_core.package_identification:_identify(.) by extension 'colcon_pkg'
[0.318s] Level 1:colcon.colcon_core.package_identification:_identify(.) by extensions ['colcon_meta']
[0.318s] Level 1:colcon.colcon_core.package_identification:_identify(.) by extension 'colcon_meta'
[0.318s] Level 1:colcon.colcon_core.package_identification:_identify(.) by extensions ['ros']
[0.318s] Level 1:colcon.colcon_core.package_identification:_identify(.) by extension 'ros'
[0.376s] DEBUG:colcon.colcon_core.package_identification:Package '.' with type 'ros.ament_cmake' and name 'joypad_actionclient'
[0.376s] Level 1:colcon.colcon_core.package_discovery:discover_packages(recursive) using defaults
[0.376s] Level 1:colcon.colcon_core.package_discovery:discover_packages(ignore) discover
[0.376s] Level 1:colcon.colcon_core.package_discovery:discover_packages(ignore) using defaults
[0.376s] Level 1:colcon.colcon_core.package_discovery:discover_packages(path) discover
[0.376s] Level 1:colcon.colcon_core.package_discovery:discover_packages(path) using defaults
[0.409s] Level 5:colcon.colcon_core.verb:set package 'joypad_actionclient' build argument 'cmake_args' from command line to 'None'
[0.409s] Level 5:colcon.colcon_core.verb:set package 'joypad_actionclient' build argument 'cmake_target' from command line to 'None'
[0.409s] Level 5:colcon.colcon_core.verb:set package 'joypad_actionclient' build argument 'cmake_target_skip_unavailable' from command line to 'False'
[0.409s] Level 5:colcon.colcon_core.verb:set package 'joypad_actionclient' build argument 'cmake_clean_cache' from command line to 'False'
[0.410s] Level 5:colcon.colcon_core.verb:set package 'joypad_actionclient' build argument 'cmake_clean_first' from command line to 'False'
[0.410s] Level 5:colcon.colcon_core.verb:set package 'joypad_actionclient' build argument 'cmake_force_configure' from command line to 'False'
[0.410s] Level 5:colcon.colcon_core.verb:set package 'joypad_actionclient' build argument 'ament_cmake_args' from command line to 'None'
[0.410s] Level 5:colcon.colcon_core.verb:set package 'joypad_actionclient' build argument 'catkin_cmake_args' from command line to 'None'
[0.410s] Level 5:colcon.colcon_core.verb:set package 'joypad_actionclient' build argument 'catkin_skip_building_tests' from command line to 'False'
[0.410s] DEBUG:colcon.colcon_core.verb:Building package 'joypad_actionclient' with the following arguments: {'ament_cmake_args': None, 'build_base': '/home/neo/workspace/src/joypad_actionclient/build/joypad_actionclient', 'catkin_cmake_args': None, 'catkin_skip_building_tests': False, 'cmake_args': None, 'cmake_clean_cache': False, 'cmake_clean_first': False, 'cmake_force_configure': False, 'cmake_target': None, 'cmake_target_skip_unavailable': False, 'install_base': '/home/neo/workspace/src/joypad_actionclient/install/joypad_actionclient', 'merge_install': False, 'path': '/home/neo/workspace/src/joypad_actionclient', 'symlink_install': True, 'test_result_base': None}
[0.410s] INFO:colcon.colcon_core.executor:Executing jobs using 'parallel' executor
[0.412s] DEBUG:colcon.colcon_parallel_executor.executor.parallel:run_until_complete
[0.412s] INFO:colcon.colcon_ros.task.ament_cmake.build:Building ROS package in '/home/neo/workspace/src/joypad_actionclient' with build type 'ament_cmake'
[0.413s] INFO:colcon.colcon_cmake.task.cmake.build:Building CMake package in '/home/neo/workspace/src/joypad_actionclient'
[0.416s] INFO:colcon.colcon_core.plugin_system:Skipping extension 'colcon_core.shell.bat': Not used on non-Windows systems
[0.416s] INFO:colcon.colcon_core.shell:Skip shell extension 'powershell' for command environment: Not usable outside of PowerShell
[0.416s] DEBUG:colcon.colcon_core.shell:Skip shell extension 'dsv' for command environment
[0.440s] DEBUG:colcon.colcon_core.event_handler.log_command:Invoking command in '/home/neo/workspace/src/joypad_actionclient/build/joypad_actionclient': CMAKE_PREFIX_PATH=${CMAKE_PREFIX_PATH}:/home/neo/workspace/install/test_server:/opt/ros/jazzy PS1=(dua-venv) %m%# VIRTUAL_ENV_PROMPT=(dua-venv) /usr/bin/cmake /home/neo/workspace/src/joypad_actionclient -DAMENT_CMAKE_SYMLINK_INSTALL=1 -DCMAKE_INSTALL_PREFIX=/home/neo/workspace/src/joypad_actionclient/install/joypad_actionclient
[3.158s] DEBUG:colcon.colcon_core.event_handler.log_command:Invoked command in '/home/neo/workspace/src/joypad_actionclient/build/joypad_actionclient' returned '0': CMAKE_PREFIX_PATH=${CMAKE_PREFIX_PATH}:/home/neo/workspace/install/test_server:/opt/ros/jazzy PS1=(dua-venv) %m%# VIRTUAL_ENV_PROMPT=(dua-venv) /usr/bin/cmake /home/neo/workspace/src/joypad_actionclient -DAMENT_CMAKE_SYMLINK_INSTALL=1 -DCMAKE_INSTALL_PREFIX=/home/neo/workspace/src/joypad_actionclient/install/joypad_actionclient
[3.161s] DEBUG:colcon.colcon_core.event_handler.log_command:Invoking command in '/home/neo/workspace/src/joypad_actionclient/build/joypad_actionclient': CMAKE_PREFIX_PATH=${CMAKE_PREFIX_PATH}:/home/neo/workspace/install/test_server:/opt/ros/jazzy PS1=(dua-venv) %m%# VIRTUAL_ENV_PROMPT=(dua-venv) /usr/bin/cmake --build /home/neo/workspace/src/joypad_actionclient/build/joypad_actionclient -- -j8 -l8
[3.246s] DEBUG:colcon.colcon_core.event_handler.log_command:Invoked command in '/home/neo/workspace/src/joypad_actionclient/build/joypad_actionclient' returned '0': CMAKE_PREFIX_PATH=${CMAKE_PREFIX_PATH}:/home/neo/workspace/install/test_server:/opt/ros/jazzy PS1=(dua-venv) %m%# VIRTUAL_ENV_PROMPT=(dua-venv) /usr/bin/cmake --build /home/neo/workspace/src/joypad_actionclient/build/joypad_actionclient -- -j8 -l8
[3.265s] DEBUG:colcon.colcon_core.event_handler.log_command:Invoking command in '/home/neo/workspace/src/joypad_actionclient/build/joypad_actionclient': CMAKE_PREFIX_PATH=${CMAKE_PREFIX_PATH}:/home/neo/workspace/install/test_server:/opt/ros/jazzy PS1=(dua-venv) %m%# VIRTUAL_ENV_PROMPT=(dua-venv) /usr/bin/cmake --install /home/neo/workspace/src/joypad_actionclient/build/joypad_actionclient
[3.609s] Level 1:colcon.colcon_core.environment:create_environment_scripts_only(joypad_actionclient)
[3.610s] DEBUG:colcon.colcon_core.event_handler.log_command:Invoked command in '/home/neo/workspace/src/joypad_actionclient/build/joypad_actionclient' returned '0': CMAKE_PREFIX_PATH=${CMAKE_PREFIX_PATH}:/home/neo/workspace/install/test_server:/opt/ros/jazzy PS1=(dua-venv) %m%# VIRTUAL_ENV_PROMPT=(dua-venv) /usr/bin/cmake --install /home/neo/workspace/src/joypad_actionclient/build/joypad_actionclient
[3.616s] Level 1:colcon.colcon_core.environment:checking '/home/neo/workspace/src/joypad_actionclient/install/joypad_actionclient' for CMake module files
[3.617s] Level 1:colcon.colcon_core.environment:checking '/home/neo/workspace/src/joypad_actionclient/install/joypad_actionclient' for CMake config files
[3.617s] Level 1:colcon.colcon_core.shell:create_environment_hook('joypad_actionclient', 'cmake_prefix_path')
[3.618s] INFO:colcon.colcon_core.shell:Creating environment hook '/home/neo/workspace/src/joypad_actionclient/install/joypad_actionclient/share/joypad_actionclient/hook/cmake_prefix_path.ps1'
[3.619s] INFO:colcon.colcon_core.shell:Creating environment descriptor '/home/neo/workspace/src/joypad_actionclient/install/joypad_actionclient/share/joypad_actionclient/hook/cmake_prefix_path.dsv'
[3.620s] INFO:colcon.colcon_core.shell:Creating environment hook '/home/neo/workspace/src/joypad_actionclient/install/joypad_actionclient/share/joypad_actionclient/hook/cmake_prefix_path.sh'
[3.622s] Level 1:colcon.colcon_core.environment:checking '/home/neo/workspace/src/joypad_actionclient/install/joypad_actionclient/bin'
[3.622s] Level 1:colcon.colcon_core.environment:checking '/home/neo/workspace/src/joypad_actionclient/install/joypad_actionclient/lib/pkgconfig/joypad_actionclient.pc'
[3.626s] Level 1:colcon.colcon_core.environment:checking '/home/neo/workspace/src/joypad_actionclient/install/joypad_actionclient/lib/python3.12/site-packages'
[3.627s] Level 1:colcon.colcon_core.environment:checking '/home/neo/workspace/src/joypad_actionclient/install/joypad_actionclient/bin'
[3.628s] INFO:colcon.colcon_core.shell:Creating package script '/home/neo/workspace/src/joypad_actionclient/install/joypad_actionclient/share/joypad_actionclient/package.ps1'
[3.629s] INFO:colcon.colcon_core.shell:Creating package descriptor '/home/neo/workspace/src/joypad_actionclient/install/joypad_actionclient/share/joypad_actionclient/package.dsv'
[3.630s] INFO:colcon.colcon_core.shell:Creating package script '/home/neo/workspace/src/joypad_actionclient/install/joypad_actionclient/share/joypad_actionclient/package.sh'
[3.631s] INFO:colcon.colcon_core.shell:Creating package script '/home/neo/workspace/src/joypad_actionclient/install/joypad_actionclient/share/joypad_actionclient/package.bash'
[3.633s] INFO:colcon.colcon_core.shell:Creating package script '/home/neo/workspace/src/joypad_actionclient/install/joypad_actionclient/share/joypad_actionclient/package.zsh'
[3.634s] Level 1:colcon.colcon_core.environment:create_file_with_runtime_dependencies(/home/neo/workspace/src/joypad_actionclient/install/joypad_actionclient/share/colcon-core/packages/joypad_actionclient)
[3.635s] Level 1:colcon.colcon_core.environment:create_environment_scripts_only(joypad_actionclient)
[3.635s] Level 1:colcon.colcon_core.environment:checking '/home/neo/workspace/src/joypad_actionclient/install/joypad_actionclient' for CMake module files
[3.636s] Level 1:colcon.colcon_core.environment:checking '/home/neo/workspace/src/joypad_actionclient/install/joypad_actionclient' for CMake config files
[3.636s] Level 1:colcon.colcon_core.shell:create_environment_hook('joypad_actionclient', 'cmake_prefix_path')
[3.637s] INFO:colcon.colcon_core.shell:Creating environment hook '/home/neo/workspace/src/joypad_actionclient/install/joypad_actionclient/share/joypad_actionclient/hook/cmake_prefix_path.ps1'
[3.638s] INFO:colcon.colcon_core.shell:Creating environment descriptor '/home/neo/workspace/src/joypad_actionclient/install/joypad_actionclient/share/joypad_actionclient/hook/cmake_prefix_path.dsv'
[3.638s] INFO:colcon.colcon_core.shell:Creating environment hook '/home/neo/workspace/src/joypad_actionclient/install/joypad_actionclient/share/joypad_actionclient/hook/cmake_prefix_path.sh'
[3.639s] Level 1:colcon.colcon_core.environment:checking '/home/neo/workspace/src/joypad_actionclient/install/joypad_actionclient/bin'
[3.639s] Level 1:colcon.colcon_core.environment:checking '/home/neo/workspace/src/joypad_actionclient/install/joypad_actionclient/lib/pkgconfig/joypad_actionclient.pc'
[3.640s] Level 1:colcon.colcon_core.environment:checking '/home/neo/workspace/src/joypad_actionclient/install/joypad_actionclient/lib/python3.12/site-packages'
[3.640s] Level 1:colcon.colcon_core.environment:checking '/home/neo/workspace/src/joypad_actionclient/install/joypad_actionclient/bin'
[3.641s] INFO:colcon.colcon_core.shell:Creating package script '/home/neo/workspace/src/joypad_actionclient/install/joypad_actionclient/share/joypad_actionclient/package.ps1'
[3.642s] INFO:colcon.colcon_core.shell:Creating package descriptor '/home/neo/workspace/src/joypad_actionclient/install/joypad_actionclient/share/joypad_actionclient/package.dsv'
[3.643s] INFO:colcon.colcon_core.shell:Creating package script '/home/neo/workspace/src/joypad_actionclient/install/joypad_actionclient/share/joypad_actionclient/package.sh'
[3.643s] INFO:colcon.colcon_core.shell:Creating package script '/home/neo/workspace/src/joypad_actionclient/install/joypad_actionclient/share/joypad_actionclient/package.bash'
[3.644s] INFO:colcon.colcon_core.shell:Creating package script '/home/neo/workspace/src/joypad_actionclient/install/joypad_actionclient/share/joypad_actionclient/package.zsh'
[3.645s] Level 1:colcon.colcon_core.environment:create_file_with_runtime_dependencies(/home/neo/workspace/src/joypad_actionclient/install/joypad_actionclient/share/colcon-core/packages/joypad_actionclient)
[3.646s] DEBUG:colcon.colcon_parallel_executor.executor.parallel:closing loop
[3.646s] DEBUG:colcon.colcon_parallel_executor.executor.parallel:loop closed
[3.647s] DEBUG:colcon.colcon_parallel_executor.executor.parallel:run_until_complete finished with '0'
[3.647s] DEBUG:colcon.colcon_core.event_reactor:joining thread
[3.660s] INFO:colcon.colcon_core.plugin_system:Skipping extension 'colcon_notification.desktop_notification.notify_send': Could not find 'notify-send'
[3.661s] INFO:colcon.colcon_core.plugin_system:Skipping extension 'colcon_notification.desktop_notification.terminal_notifier': Not used on non-Darwin systems
[3.661s] INFO:colcon.colcon_core.plugin_system:Skipping extension 'colcon_notification.desktop_notification.win32': Not used on non-Windows systems
[3.661s] INFO:colcon.colcon_notification.desktop_notification:Sending desktop notification using 'notify2'
[3.665s] DEBUG:colcon.colcon_notification.desktop_notification.notify2:Failed to initialize notify2: org.freedesktop.DBus.Error.Spawn.ExecFailed: /usr/bin/dbus-launch terminated abnormally without any error message
[3.666s] DEBUG:colcon.colcon_core.event_reactor:joined thread
[3.667s] INFO:colcon.colcon_core.shell:Creating prefix script '/home/neo/workspace/src/joypad_actionclient/install/local_setup.ps1'
[3.668s] INFO:colcon.colcon_core.shell:Creating prefix util module '/home/neo/workspace/src/joypad_actionclient/install/_local_setup_util_ps1.py'
[3.671s] INFO:colcon.colcon_core.shell:Creating prefix chain script '/home/neo/workspace/src/joypad_actionclient/install/setup.ps1'
[3.673s] INFO:colcon.colcon_core.shell:Creating prefix script '/home/neo/workspace/src/joypad_actionclient/install/local_setup.sh'
[3.674s] INFO:colcon.colcon_core.shell:Creating prefix util module '/home/neo/workspace/src/joypad_actionclient/install/_local_setup_util_sh.py'
[3.675s] INFO:colcon.colcon_core.shell:Creating prefix chain script '/home/neo/workspace/src/joypad_actionclient/install/setup.sh'
[3.677s] INFO:colcon.colcon_core.shell:Creating prefix script '/home/neo/workspace/src/joypad_actionclient/install/local_setup.bash'
[3.678s] INFO:colcon.colcon_core.shell:Creating prefix chain script '/home/neo/workspace/src/joypad_actionclient/install/setup.bash'
[3.680s] INFO:colcon.colcon_core.shell:Creating prefix script '/home/neo/workspace/src/joypad_actionclient/install/local_setup.zsh'
[3.681s] INFO:colcon.colcon_core.shell:Creating prefix chain script '/home/neo/workspace/src/joypad_actionclient/install/setup.zsh'
